# ZpMET DSID -> SampleFolder path map
# Referenced from prepare-ZpMET.cfg as XsecMap.
# Format: DSID /path/in/SampleFolder
# $(campaign) is expanded by CAF; channel is hardcoded per DSID
# because each DSID is flavor-specific (ee or mumu decay).
# Reference: yyML share/config/samples/maps/common/run3-mc23.map

#--------------------------------
# Signal: leptovector off-shell  (ANA-EXOT-2023-28)
# Odd DSIDs = ee decay, Even DSIDs = mumu decay

546587 /sig/ee/$(campaign)/Zp500
546588 /sig/mm/$(campaign)/Zp500
546597 /sig/ee/$(campaign)/Zp750
546598 /sig/mm/$(campaign)/Zp750
546605 /sig/ee/$(campaign)/Zp1000
546606 /sig/mm/$(campaign)/Zp1000
546607 /sig/ee/$(campaign)/Zp1500
546608 /sig/mm/$(campaign)/Zp1500
546609 /sig/ee/$(campaign)/Zp2000
546610 /sig/mm/$(campaign)/Zp2000
546611 /sig/ee/$(campaign)/Zp2500
546612 /sig/mm/$(campaign)/Zp2500
546613 /sig/ee/$(campaign)/Zp3000
546614 /sig/mm/$(campaign)/Zp3000
546615 /sig/ee/$(campaign)/Zp4000
546616 /sig/mm/$(campaign)/Zp4000

#--------------------------------
# Backgrounds (TODO: fill in)
# e.g.:  700320 /bkg/$(channel)/$(campaign)/DY

#--------------------------------
# Data (TODO: fill in)
# e.g.:  data15 /data/$(channel)/$(campaign)/data
